Checking for wasm32-unknown-unknown target...
Checking connection to Arbitrum Sepolia...
Connected to Arbitrum Sepolia!
Deployer address: 0x9DE6786C349128ee4eF445e3080b9bF0C3bF41eC
Deploying first ERC20 token contract (Token0) to Arbitrum Sepolia...
Token0 contract deployed at address: 0xd6355fd03e3f0e675619842264b1b1b8b0248c13
Token0 transaction hash: 0xa647659f6cb41a828c678cd427108abded43da8d6392167108a5eac9b34a2758
Deploying second ERC20 token contract (Token1) to Arbitrum Sepolia...
Token1 contract deployed at address: 0x1390a939604479cbcc583b8e620b15298415d7e8
Token1 transaction hash: 0xb8face03fcc4ec70035184a480bd939ec79eb2968a0267e9d33b46d548fdd2e2
Minting tokens for testing...

blockHash            0x9e7af455d86ca1e6bd9e1e170293d259f15f1023d58500a65cb59dd4721e57f8
blockNumber          183810179
contractAddress      
cumulativeGasUsed    198009
effectiveGasPrice    100000000
from                 0x9DE6786C349128ee4eF445e3080b9bF0C3bF41eC
gasUsed              72560
logs                 [{"address":"0xd6355fd03e3f0e675619842264b1b1b8b0248c13","topics":["0xddf252ad1be2c89b69c2b068fc378daa952ba7f163c4a11628f55a4df523b3ef","0x0000000000000000000000000000000000000000000000000000000000000000","0x0000000000000000000000009de6786c349128ee4ef445e3080b9bf0c3bf41ec"],"data":"0x00000000000000000000000000000000000000000000003635c9adc5dea00000","blockHash":"0x9e7af455d86ca1e6bd9e1e170293d259f15f1023d58500a65cb59dd4721e57f8","blockNumber":"0xaf4b883","transactionHash":"0x06e80f77b68475708e1a1a3f1fe61ca59c806b5b8c703613471fe1e6840d02c5","transactionIndex":"0x2","logIndex":"0x3","removed":false}]
logsBloom            0x00000000000000000000000000000000000000000010000000000000000000000000000000000000000000000000000000000000000000000000000000000000000000000000000000000008000000000001000000000000000000000000000000000000020000000000000800000800000000000000000000000010000000000000000000000000000000000000000000000000000000000000
blockHash            0x9e7af455d86ca1e6bd9e1e170293d259f15f1023d58500a65cb59dd4721e57f8
blockNumber          183810179
contractAddress      
cumulativeGasUsed    198009
effectiveGasPrice    100000000
from                 0x9DE6786C349128ee4eF445e3080b9bF0C3bF41eC
gasUsed              72560
logs                 [{"address":"0xd6355fd03e3f0e675619842264b1b1b8b0248c13","topics":["0xddf252ad1be2c89b69c2b068fc378daa952ba7f163c4a11628f55a4df523b3ef","0x0000000000000000000000000000000000000000000000000000000000000000","0x0000000000000000000000009de6786c349128ee4ef445e3080b9bf0c3bf41e
blockHash            0xe9d30a745e6da8c2278f6dc04852f9d85549da438a0c452bb2bba8ea20988fef
blockNumber          183810192
contractAddress      
cumulativeGasUsed    72560
effectiveGasPrice    100000000
from                 0x9DE6786C349128ee4eF445e3080b9bF0C3bF41eC
gasUsed              72560
logs                 [{"address":"0x1390a939604479cbcc583b8e620b15298415d7e8","topics":["0xddf252ad1be2c89b69c2b068fc378daa952ba7f163c4a11628f55a4df523b3ef","0x0000000000000000000000000000000000000000000000000000000000000000","0x0000000000000000000000009de6786c349128ee4ef445e3080b9bf0c3bf41ec"],"data":"0x00000000000000000000000000000000000000000000003635c9adc5dea00000","blockHash":"0xe9d30a745e6da8c2278f6dc04852f9d85549da438a0c452bb2bba8ea20988fef","blockNumber":"0xaf4b890","transactionHash":"0x1fc4781df704f50e262f5a8cd21ab4c7ede74b8f3b15c31f640772a986707da4","transactionIndex":"0x1","logIndex":"0x0","removed":false}]
logsBloom            0x000000000000000000000000000000000000000000100000000000000000000000000000000000000000000000000000000000000000000000000000000000000000000000000000000000080000000000010000000000000000080000000000000000000200000000000000000008000000000000000000000000100000000000000000000000000000000000000000000000000000000000000
blockHash            0xe9d30a745e6da8c2278f6dc04852f9d85549da438a0c452bb2bba8ea20988fef
blockNumber          183810192
contractAddress      
cumulativeGasUsed    72560
effectiveGasPrice    100000000
from                 0x9DE6786C349128ee4eF445e3080b9bF0C3bF41eC
gasUsed              72560
logs                 [{"address":"0x1390a939604479cbcc583b8e620b15298415d7e8","topics":["0xddf252ad1be2c89b69c2b068fc378daa952ba7f163c4a11628f55a4df523b3ef","0x0000000000000000000000000000000000000000000000000000000000000000","0x0000000000000000000000009de6786c349128ee4ef445e3080b9bf0c3bf41eTokens minted to deployer address.
Deploying the Uniswap V2 contract to Arbitrum Sepolia using cargo stylus...
Uniswap V2 contract deployed successfully!
Transaction hash: 0xf2f86f984a1cd67c844d9cb01d3a204a291edbf1a18e9a246ce7e81e2e469c25
Uniswap V2 contract address: 0xd4096688cffc51a5448d7c5c94718ee70c6a2ee1
Deployment info saved to build/stylus-deployment-info.json
Deployment completed successfully on Arbitrum Sepolia!
Summary of deployed contracts:
- Token0: 0xd6355fd03e3f0e675619842264b1b1b8b0248c13
- Token1: 0x1390a939604479cbcc583b8e620b15298415d7e8
- Uniswap V2: 0xd4096688cffc51a5448d7c5c94718ee70c6a2ee1
0000000000000000000000000000000000000000000000000000000000000000000004000000000000000000000000000000000000000000000000000000000012000000000000000000000000000080000000000000000000000020000000000000000000000000000000000000000000000000000000000000000000
root                 
status               1 (success)
transactionHash      0x1fc4781df704f50e262f5a8cd21ab4c7ede74b8f3b15c31f640772a986707da4
transactionIndex     1
type                 2
blobGasPrice         
blobGasUsed          
to                   0x1390A939604479CbCc583b8e620B15298415d7E8
gasUsedForL1         249
l1BlockNumber        8980268
timeboosted          false

Tokens minted to deployer address.
Deploying the Uniswap V2 contract to Arbitrum Sepolia using cargo stylus...
Uniswap V2 contract deployed successfully!
Transaction hash: 0xf2f86f984a1cd67c844d9cb01d3a204a291edbf1a18e9a246ce7e81e2e469c25
Uniswap V2 contract address: 0xd4096688cffc51a5448d7c5c94718ee70c6a2ee1
Deployment info saved to build/stylus-deployment-info.json
Deployment completed successfully on Arbitrum Sepolia!
Summary of deployed contracts:
- Token0: 0xd6355fd03e3f0e675619842264b1b1b8b0248c13
- Token1: 0x1390a939604479cbcc583b8e620b15298415d7e8
- Uniswap V2: 0xd4096688cffc51a5448d7c5c94718ee70c6a2ee1
Deployment completed successfully!
